==> shikoku-nature-trail build 2026-08-19T08:52:54Z
==> normalize official archive
normalize: courses=123 photo_points=123 tourism_spots=686 placemarks=1713 warnings=0
==> export routes and POIs
export-map: routes=123 segments=145 route_points=65753 pois=1568 linked=394 unmatched_spots=292 unmatched_pois=1174 ambiguous=34
==> tippecanoe
==> pmtiles convert
2026/08/19 16:52:57 convert.go:158: Pass 1: Assembling TileID set
2026/08/19 16:52:57 convert.go:189: Pass 2: writing tiles

   0% |                                             | (0/1215, 0 it/hr) [0s:0s]


 100% |███████████████████████████████████████| (1215/1215, 74585 it/s)
2026/08/19 16:52:57 convert.go:243: # of addressed tiles:  1215
2026/08/19 16:52:57 convert.go:244: # of tile entries (after RLE):  1215
2026/08/19 16:52:57 convert.go:245: # of tile contents:  1215
2026/08/19 16:52:57 convert.go:268: Total dir bytes:  2820
2026/08/19 16:52:57 convert.go:269: Average bytes per addressed tile: 2.32
2026/08/19 16:52:57 convert.go:238: Finished in  20.175416ms

writing file   0% |                                     | ( 0 B/1.3 MB) [0s:0s]


writing file 100% |████████████████████████████| (1.3/1.3 MB, 1.0 GB/s)
==> Done: /home/swind/Data/Program/ohenro-map-data/output/shikoku-nature-trail.pmtiles
